// Jest Snapshot v1, https://goo.gl/fbAQLP

exports[`<ClaimDrawdownTable /> @returns with UI when competition is LOANS 1`] = `
<div
  class="govuk-table-wrapper"
  data-qa="period-loan-table"
>
  <table
    class="govuk-table"
  >
    <colgroup>
      <col
        data-qa="col-drawdown-id"
      />
      <col
        data-qa="col-drawdown-amount"
      />
      <col
        data-qa="col-drawdown-totals-todate"
      />
      <col
        data-qa="col-drawdown-current-amount"
      />
      <col
        data-qa="col-drawdown-remaining-amount"
      />
    </colgroup>
    <thead
      class="govuk-table__head"
    >
      <tr
        class="govuk-table__row"
      >
        <th
          class="govuk-table__header"
          scope="col"
        >
          Current drawdown
        </th>
        <th
          class="govuk-table__header govuk-table__header--numeric"
          scope="col"
        >
          Total loan amount
        </th>
        <th
          class="govuk-table__header govuk-table__header--numeric"
          scope="col"
        >
          Drawdowns to date
        </th>
        <th
          class="govuk-table__header govuk-table__header--numeric"
          scope="col"
        >
          Drawdown this period
        </th>
        <th
          class="govuk-table__header govuk-table__header--numeric"
          scope="col"
        >
          Remaining loan amount
        </th>
      </tr>
    </thead>
    <tbody
      class="govuk-table__body"
    >
      <tr
        class="govuk-table__row"
      >
        <td
          class="govuk-table__cell"
        >
          1
        </td>
        <td
          class="govuk-table__cell govuk-table__cell--numeric"
        >
          <span
            class="currency"
            style="white-space: nowrap;"
          >
            £30
            ,
            <wbr />
            000.00
          </span>
        </td>
        <td
          class="govuk-table__cell govuk-table__cell--numeric"
        >
          <span
            class="currency"
            style="white-space: nowrap;"
          >
            £6
            ,
            <wbr />
            000.00
          </span>
        </td>
        <td
          class="govuk-table__cell govuk-table__cell--numeric"
        >
          <span
            class="currency"
            style="white-space: nowrap;"
          >
            £10
            ,
            <wbr />
            000.00
          </span>
        </td>
        <td
          class="govuk-table__cell govuk-table__cell--numeric"
        >
          <span
            class="currency"
            style="white-space: nowrap;"
          >
            £14
            ,
            <wbr />
            000.00
          </span>
        </td>
      </tr>
    </tbody>
  </table>
</div>
`;
