// Jest Snapshot v1, https://goo.gl/fbAQLP

exports[`mapPcrDtoArray should map the node to the projectDto structure 1`] = `
Array [
  Object {
    "id": "a0G26000007KkbiEAC",
    "items": Array [
      Object {
        "accountName": null,
        "hasOtherFunding": false,
        "id": "a0G26000007KkbnEAC",
        "isCommercialWork": false,
        "organisationName": "AAA LTD",
        "organisationType": "Industrial",
        "partnerNameSnapshot": null,
        "partnerType": 10,
        "projectRole": 20,
        "shortName": "Add a partner",
        "status": 3,
        "type": 20,
        "typeName": "Add a partner",
        "typeOfAid": 0,
      },
    ],
    "lastUpdated": 2023-05-24T09:53:31.000Z,
    "projectId": "a0E2600000okzO9EAI",
    "reasoningStatus": 3,
    "requestNumber": 7,
    "started": 2023-05-10T13:55:22.000Z,
    "status": 10,
    "statusName": "Approved",
  },
  Object {
    "id": "a0G26000007KkfzEAC",
    "items": Array [
      Object {
        "accountName": null,
        "hasOtherFunding": false,
        "id": "a0G26000007Kkg4EAC",
        "isCommercialWork": false,
        "organisationName": null,
        "organisationType": "",
        "partnerNameSnapshot": null,
        "partnerType": 0,
        "projectRole": 20,
        "shortName": "Change project scope",
        "status": 3,
        "type": 80,
        "typeName": "Change project scope",
        "typeOfAid": 0,
      },
    ],
    "lastUpdated": 2023-05-17T15:11:14.000Z,
    "projectId": "a0E2600000okzO9EAI",
    "reasoningStatus": 3,
    "requestNumber": 8,
    "started": 2023-05-10T15:56:40.000Z,
    "status": 9,
    "statusName": "Withdrawn",
  },
  Object {
    "id": "a0G26000007Ko6gEAC",
    "items": Array [
      Object {
        "accountName": null,
        "hasOtherFunding": false,
        "id": "a0G26000007Ko6lEAC",
        "isCommercialWork": false,
        "organisationName": null,
        "organisationType": "",
        "partnerNameSnapshot": null,
        "partnerType": 0,
        "projectRole": 20,
        "shortName": "Change project duration",
        "status": 3,
        "type": 90,
        "typeName": "Change project duration",
        "typeOfAid": 0,
      },
    ],
    "lastUpdated": 2023-05-18T14:57:59.000Z,
    "projectId": "a0E2600000okzO9EAI",
    "reasoningStatus": 3,
    "requestNumber": 11,
    "started": 2023-05-18T14:56:25.000Z,
    "status": 3,
    "statusName": "Queried by Monitoring Officer",
  },
  Object {
    "id": "a0G26000007KqPTEA0",
    "items": Array [
      Object {
        "accountName": null,
        "hasOtherFunding": false,
        "id": "a0G26000007KqPYEA0",
        "isCommercialWork": true,
        "organisationName": "C",
        "organisationType": "Industrial",
        "partnerNameSnapshot": null,
        "partnerType": 10,
        "projectRole": 20,
        "shortName": "Add a partner",
        "status": 3,
        "type": 20,
        "typeName": "Add a partner",
        "typeOfAid": 0,
      },
      Object {
        "accountName": null,
        "hasOtherFunding": false,
        "id": "a0G26000007KqPdEAK",
        "isCommercialWork": true,
        "organisationName": "A LIMITED",
        "organisationType": "Industrial",
        "partnerNameSnapshot": null,
        "partnerType": 10,
        "projectRole": 20,
        "shortName": "Add a partner",
        "status": 3,
        "type": 20,
        "typeName": "Add a partner",
        "typeOfAid": 0,
      },
      Object {
        "accountName": null,
        "hasOtherFunding": false,
        "id": "a0G26000007KqPiEAK",
        "isCommercialWork": true,
        "organisationName": "D LIMITED",
        "organisationType": "Industrial",
        "partnerNameSnapshot": null,
        "partnerType": 10,
        "projectRole": 20,
        "shortName": "Add a partner",
        "status": 3,
        "type": 20,
        "typeName": "Add a partner",
        "typeOfAid": 0,
      },
      Object {
        "accountName": null,
        "hasOtherFunding": false,
        "id": "a0G26000007KqPsEAK",
        "isCommercialWork": false,
        "organisationName": null,
        "organisationType": "",
        "partnerNameSnapshot": "A B Cad Services",
        "partnerType": 0,
        "projectRole": 20,
        "shortName": "Remove a partner",
        "status": 3,
        "type": 30,
        "typeName": "Remove a partner",
        "typeOfAid": 0,
      },
    ],
    "lastUpdated": 2023-05-24T09:46:08.000Z,
    "projectId": "a0E2600000okzO9EAI",
    "reasoningStatus": 3,
    "requestNumber": 14,
    "started": 2023-05-24T09:29:47.000Z,
    "status": 12,
    "statusName": "Submitted to Innovate UK",
  },
  Object {
    "id": "a0G26000007KtLnEAK",
    "items": Array [
      Object {
        "accountName": null,
        "hasOtherFunding": false,
        "id": "a0G26000007KtLsEAK",
        "isCommercialWork": false,
        "organisationName": null,
        "organisationType": "",
        "partnerNameSnapshot": null,
        "partnerType": 0,
        "projectRole": 20,
        "shortName": "Reallocate several partners' project cost",
        "status": 1,
        "type": 60,
        "typeName": "Reallocate several partners' project cost",
        "typeOfAid": 0,
      },
    ],
    "lastUpdated": 2023-06-02T09:43:53.000Z,
    "projectId": "a0E2600000okzO9EAI",
    "reasoningStatus": 1,
    "requestNumber": 21,
    "started": 2023-06-02T09:43:50.000Z,
    "status": 1,
    "statusName": "Draft",
  },
  Object {
    "id": "a0G26000007KtsoEAC",
    "items": Array [
      Object {
        "accountName": null,
        "hasOtherFunding": false,
        "id": "a0G26000007KtstEAC",
        "isCommercialWork": false,
        "organisationName": null,
        "organisationType": "",
        "partnerNameSnapshot": null,
        "partnerType": 0,
        "projectRole": 0,
        "shortName": "Add a partner",
        "status": 1,
        "type": 20,
        "typeName": "Add a partner",
        "typeOfAid": 0,
      },
    ],
    "lastUpdated": 2023-06-05T10:53:38.000Z,
    "projectId": "a0E2600000okzO9EAI",
    "reasoningStatus": 1,
    "requestNumber": 22,
    "started": 2023-06-05T10:53:36.000Z,
    "status": 1,
    "statusName": "Draft",
  },
]
`;
