// Jest Snapshot v1, https://goo.gl/fbAQLP

exports[`Partner Validator With en-GB i18n postcode should throw error with empty postcode 1`] = `"You must provide your project location postcode."`;

exports[`Partner Validator With no i18n postcode should throw error with empty postcode 1`] = `"validation.partnerDtoValidator.projectLocationPostcodeRequired"`;
