// Jest Snapshot v1, https://goo.gl/fbAQLP

exports[` 1`] = `
Object {
  "base-uri": Array [
    "self",
  ],
  "connect-src": Array [
    "self",
    "https://www.google-analytics.com",
  ],
  "default-src": Array [
    "self",
  ],
  "font-src": Array [
    "self",
    "https://fonts.gstatic.com",
  ],
  "img-src": Array [
    "self",
    "www.googletagmanager.com",
    "https://www.google-analytics.com",
    "https://ssl.gstatic.com",
    "https://www.gstatic.com",
  ],
  "object-src": Array [
    "none",
  ],
  "report-uri": Array [
    "/api/csp/violation-report",
  ],
  "script-src": Array [
    "self",
    "unsafe-inline",
    "strict-dynamic",
    "nonce-STUB_UNIQUE_NONCE_VALUE",
    "https://www.googletagmanager.com",
    "https://tagmanager.google.com",
    "https://www.google-analytics.com",
    "https://ssl.google-analytics.com",
  ],
  "style-src": Array [
    "self",
    "unsafe-inline",
    "https://tagmanager.google.com",
    "https://fonts.googleapis.com",
  ],
}
`;

exports[`getContentSecurityPolicy() @returns with correct formatting 1`] = `"default-src 'self'; base-uri 'self'; object-src 'none'; script-src 'self' 'unsafe-inline' 'strict-dynamic' 'nonce-STUB_UNIQUE_NONCE_VALUE' https://www.googletagmanager.com https://tagmanager.google.com https://www.google-analytics.com https://ssl.google-analytics.com; style-src 'self' 'unsafe-inline' https://tagmanager.google.com https://fonts.googleapis.com; img-src 'self' www.googletagmanager.com https://www.google-analytics.com https://ssl.gstatic.com https://www.gstatic.com; connect-src 'self' https://www.google-analytics.com; font-src 'self' https://fonts.gstatic.com; report-uri /api/csp/violation-report;"`;
