// Jest Snapshot v1, https://goo.gl/fbAQLP

exports[`mapFinancialVirements should map the virements into the correct format 1`] = `
{
  "isSummaryValid": true,
  "virementData": {
    "costDifference": 1,
    "costsClaimedToDate": 7400,
    "currentPartnerId": undefined,
    "grantDifference": -653956.06,
    "newEligibleCosts": 2750001,
    "newFundingLevel": 59.69,
    "newRemainingCosts": 2742601,
    "newRemainingGrant": 1637183.94,
    "originalEligibleCosts": 2750000,
    "originalFundingLevel": 83.54,
    "originalRemainingCosts": 2742600,
    "originalRemainingGrant": 2291140,
    "partners": [
      {
        "costDifference": 1,
        "costsClaimedToDate": 0,
        "grantDifference": -644385,
        "isLead": true,
        "name": "EUI Small Ent Health",
        "newEligibleCosts": 1555001,
        "newFundingLevel": 48.560418932206474,
        "newRemainingCosts": 1555001,
        "newRemainingGrant": 755115,
        "originalEligibleCosts": 1555000,
        "originalFundingLevel": 90,
        "originalRemainingCosts": 1555000,
        "originalRemainingGrant": 1399500,
        "partnerId": "a0D2600000zYOlCEAW",
        "virementParticipantId": "a0RAd000000jGAHMA2",
        "virements": [
          {
            "costCategoryId": "a0626000007qoQkAAI",
            "costCategoryName": "",
            "costsClaimedToDate": 0,
            "newEligibleCosts": 1000000,
            "newFundingLevel": 48.560418932206474,
            "newRemainingCosts": 1000000,
            "newRemainingGrant": 485604.18932206475,
            "originalEligibleCosts": 1000000,
            "originalFundingLevel": 90,
            "originalRemainingCosts": 1000000,
            "originalRemainingGrant": 900000,
            "virementCostId": "a0RAd000000jGAKMA2",
            "virementParticipantId": "a0RAd000000jGAHMA2",
          },
          {
            "costCategoryId": "a0626000007qoQlAAI",
            "costCategoryName": "",
            "costsClaimedToDate": 0,
            "newEligibleCosts": 50001,
            "newFundingLevel": 48.560418932206474,
            "newRemainingCosts": 50001,
            "newRemainingGrant": 24280.695070292557,
            "originalEligibleCosts": 50000,
            "originalFundingLevel": 90,
            "originalRemainingCosts": 50000,
            "originalRemainingGrant": 45000,
            "virementCostId": "a0RAd000000jGALMA2",
            "virementParticipantId": "a0RAd000000jGAHMA2",
          },
          {
            "costCategoryId": "a0626000007qoQmAAI",
            "costCategoryName": "",
            "costsClaimedToDate": 0,
            "newEligibleCosts": 5000,
            "newFundingLevel": 48.560418932206474,
            "newRemainingCosts": 5000,
            "newRemainingGrant": 2428.020946610324,
            "originalEligibleCosts": 5000,
            "originalFundingLevel": 90,
            "originalRemainingCosts": 5000,
            "originalRemainingGrant": 4500,
            "virementCostId": "a0RAd000000jGAMMA2",
            "virementParticipantId": "a0RAd000000jGAHMA2",
          },
          {
            "costCategoryId": "a0626000007qoQnAAI",
            "costCategoryName": "",
            "costsClaimedToDate": 0,
            "newEligibleCosts": 500000,
            "newFundingLevel": 48.560418932206474,
            "newRemainingCosts": 500000,
            "newRemainingGrant": 242802.09466103237,
            "originalEligibleCosts": 500000,
            "originalFundingLevel": 90,
            "originalRemainingCosts": 500000,
            "originalRemainingGrant": 450000,
            "virementCostId": "a0RAd000000jGANMA2",
            "virementParticipantId": "a0RAd000000jGAHMA2",
          },
          {
            "costCategoryId": "a0626000007qoQoAAI",
            "costCategoryName": "",
            "costsClaimedToDate": 0,
            "newEligibleCosts": 0,
            "newFundingLevel": 48.560418932206474,
            "newRemainingCosts": 0,
            "newRemainingGrant": 0,
            "originalEligibleCosts": 0,
            "originalFundingLevel": 90,
            "originalRemainingCosts": 0,
            "originalRemainingGrant": 0,
            "virementCostId": "a0RAd000000jGAOMA2",
            "virementParticipantId": "a0RAd000000jGAHMA2",
          },
          {
            "costCategoryId": "a0626000007qoSvAAI",
            "costCategoryName": "",
            "costsClaimedToDate": 0,
            "newEligibleCosts": 0,
            "newFundingLevel": 48.560418932206474,
            "newRemainingCosts": 0,
            "newRemainingGrant": 0,
            "originalEligibleCosts": 0,
            "originalFundingLevel": 90,
            "originalRemainingCosts": 0,
            "originalRemainingGrant": 0,
            "virementCostId": "a0RAd000000jGAPMA2",
            "virementParticipantId": "a0RAd000000jGAHMA2",
          },
          {
            "costCategoryId": "a0626000007qoSwAAI",
            "costCategoryName": "",
            "costsClaimedToDate": 0,
            "newEligibleCosts": 0,
            "newFundingLevel": 48.560418932206474,
            "newRemainingCosts": 0,
            "newRemainingGrant": 0,
            "originalEligibleCosts": 0,
            "originalFundingLevel": 90,
            "originalRemainingCosts": 0,
            "originalRemainingGrant": 0,
            "virementCostId": "a0RAd000000jGAQMA2",
            "virementParticipantId": "a0RAd000000jGAHMA2",
          },
          {
            "costCategoryId": "a0626000007qoSxAAI",
            "costCategoryName": "",
            "costsClaimedToDate": 0,
            "newEligibleCosts": 0,
            "newFundingLevel": 48.560418932206474,
            "newRemainingCosts": 0,
            "newRemainingGrant": 0,
            "originalEligibleCosts": 0,
            "originalFundingLevel": 90,
            "originalRemainingCosts": 0,
            "originalRemainingGrant": 0,
            "virementCostId": "a0RAd000000jGARMA2",
            "virementParticipantId": "a0RAd000000jGAHMA2",
          },
          {
            "costCategoryId": "a0626000007qoSyAAI",
            "costCategoryName": "",
            "costsClaimedToDate": 0,
            "newEligibleCosts": 0,
            "newFundingLevel": 48.560418932206474,
            "newRemainingCosts": 0,
            "newRemainingGrant": 0,
            "originalEligibleCosts": 0,
            "originalFundingLevel": 90,
            "originalRemainingCosts": 0,
            "originalRemainingGrant": 0,
            "virementCostId": "a0RAd000000jGASMA2",
            "virementParticipantId": "a0RAd000000jGAHMA2",
          },
          {
            "costCategoryId": "a0626000007qoSzAAI",
            "costCategoryName": "",
            "costsClaimedToDate": 0,
            "newEligibleCosts": 0,
            "newFundingLevel": 48.560418932206474,
            "newRemainingCosts": 0,
            "newRemainingGrant": 0,
            "originalEligibleCosts": 0,
            "originalFundingLevel": 90,
            "originalRemainingCosts": 0,
            "originalRemainingGrant": 0,
            "virementCostId": "a0RAd000000jGATMA2",
            "virementParticipantId": "a0RAd000000jGAHMA2",
          },
          {
            "costCategoryId": "a0626000007qoT0AAI",
            "costCategoryName": "",
            "costsClaimedToDate": 0,
            "newEligibleCosts": 0,
            "newFundingLevel": 48.560418932206474,
            "newRemainingCosts": 0,
            "newRemainingGrant": 0,
            "originalEligibleCosts": 0,
            "originalFundingLevel": 90,
            "originalRemainingCosts": 0,
            "originalRemainingGrant": 0,
            "virementCostId": "a0RAd000000jGAUMA2",
            "virementParticipantId": "a0RAd000000jGAHMA2",
          },
        ],
      },
      {
        "costDifference": 0,
        "costsClaimedToDate": 3000,
        "grantDifference": -142000,
        "isLead": false,
        "name": "A B Cad Services",
        "newEligibleCosts": 345000,
        "newFundingLevel": 58.47953216374269,
        "newRemainingCosts": 342000,
        "newRemainingGrant": 200000,
        "originalEligibleCosts": 345000,
        "originalFundingLevel": 100,
        "originalRemainingCosts": 342000,
        "originalRemainingGrant": 342000,
        "partnerId": "a0D2600000zYOlEEAW",
        "virementParticipantId": "a0RAd000000jGAJMA2",
        "virements": [
          {
            "costCategoryId": "a0626000007qoSwAAI",
            "costCategoryName": "",
            "costsClaimedToDate": 0,
            "newEligibleCosts": 0,
            "newFundingLevel": 58.47953216374269,
            "newRemainingCosts": 0,
            "newRemainingGrant": 0,
            "originalEligibleCosts": 0,
            "originalFundingLevel": 100,
            "originalRemainingCosts": 0,
            "originalRemainingGrant": 0,
            "virementCostId": "a0RAd000000jGAgMAM",
            "virementParticipantId": "a0RAd000000jGAJMA2",
          },
          {
            "costCategoryId": "a0626000007qoSxAAI",
            "costCategoryName": "",
            "costsClaimedToDate": 0,
            "newEligibleCosts": 0,
            "newFundingLevel": 58.47953216374269,
            "newRemainingCosts": 0,
            "newRemainingGrant": 0,
            "originalEligibleCosts": 0,
            "originalFundingLevel": 100,
            "originalRemainingCosts": 0,
            "originalRemainingGrant": 0,
            "virementCostId": "a0RAd000000jGAhMAM",
            "virementParticipantId": "a0RAd000000jGAJMA2",
          },
          {
            "costCategoryId": "a0626000007qoSyAAI",
            "costCategoryName": "",
            "costsClaimedToDate": 0,
            "newEligibleCosts": 0,
            "newFundingLevel": 58.47953216374269,
            "newRemainingCosts": 0,
            "newRemainingGrant": 0,
            "originalEligibleCosts": 0,
            "originalFundingLevel": 100,
            "originalRemainingCosts": 0,
            "originalRemainingGrant": 0,
            "virementCostId": "a0RAd000000jGAiMAM",
            "virementParticipantId": "a0RAd000000jGAJMA2",
          },
          {
            "costCategoryId": "a0626000007qoSzAAI",
            "costCategoryName": "",
            "costsClaimedToDate": 0,
            "newEligibleCosts": 90000,
            "newFundingLevel": 58.47953216374269,
            "newRemainingCosts": 90000,
            "newRemainingGrant": 52631.57894736842,
            "originalEligibleCosts": 90000,
            "originalFundingLevel": 100,
            "originalRemainingCosts": 90000,
            "originalRemainingGrant": 90000,
            "virementCostId": "a0RAd000000jGAjMAM",
            "virementParticipantId": "a0RAd000000jGAJMA2",
          },
          {
            "costCategoryId": "a0626000007qoT0AAI",
            "costCategoryName": "",
            "costsClaimedToDate": 0,
            "newEligibleCosts": 0,
            "newFundingLevel": 58.47953216374269,
            "newRemainingCosts": 0,
            "newRemainingGrant": 0,
            "originalEligibleCosts": 0,
            "originalFundingLevel": 100,
            "originalRemainingCosts": 0,
            "originalRemainingGrant": 0,
            "virementCostId": "a0RAd000000jGAkMAM",
            "virementParticipantId": "a0RAd000000jGAJMA2",
          },
          {
            "costCategoryId": "a0626000007qoQkAAI",
            "costCategoryName": "",
            "costsClaimedToDate": 0,
            "newEligibleCosts": 0,
            "newFundingLevel": 58.47953216374269,
            "newRemainingCosts": 0,
            "newRemainingGrant": 0,
            "originalEligibleCosts": 0,
            "originalFundingLevel": 100,
            "originalRemainingCosts": 0,
            "originalRemainingGrant": 0,
            "virementCostId": "a0RAd000000jGAlMAM",
            "virementParticipantId": "a0RAd000000jGAJMA2",
          },
          {
            "costCategoryId": "a0626000007qoQlAAI",
            "costCategoryName": "",
            "costsClaimedToDate": 3000,
            "newEligibleCosts": 250000,
            "newFundingLevel": 58.47953216374269,
            "newRemainingCosts": 247000,
            "newRemainingGrant": 144444.44444444444,
            "originalEligibleCosts": 250000,
            "originalFundingLevel": 100,
            "originalRemainingCosts": 247000,
            "originalRemainingGrant": 247000,
            "virementCostId": "a0RAd000000jGAmMAM",
            "virementParticipantId": "a0RAd000000jGAJMA2",
          },
          {
            "costCategoryId": "a0626000007qoQmAAI",
            "costCategoryName": "",
            "costsClaimedToDate": 0,
            "newEligibleCosts": 0,
            "newFundingLevel": 58.47953216374269,
            "newRemainingCosts": 0,
            "newRemainingGrant": 0,
            "originalEligibleCosts": 0,
            "originalFundingLevel": 100,
            "originalRemainingCosts": 0,
            "originalRemainingGrant": 0,
            "virementCostId": "a0RAd000000jGAnMAM",
            "virementParticipantId": "a0RAd000000jGAJMA2",
          },
          {
            "costCategoryId": "a0626000007qoQnAAI",
            "costCategoryName": "",
            "costsClaimedToDate": 0,
            "newEligibleCosts": 0,
            "newFundingLevel": 58.47953216374269,
            "newRemainingCosts": 0,
            "newRemainingGrant": 0,
            "originalEligibleCosts": 0,
            "originalFundingLevel": 100,
            "originalRemainingCosts": 0,
            "originalRemainingGrant": 0,
            "virementCostId": "a0RAd000000jGAoMAM",
            "virementParticipantId": "a0RAd000000jGAJMA2",
          },
          {
            "costCategoryId": "a0626000007qoQoAAI",
            "costCategoryName": "",
            "costsClaimedToDate": 0,
            "newEligibleCosts": 0,
            "newFundingLevel": 58.47953216374269,
            "newRemainingCosts": 0,
            "newRemainingGrant": 0,
            "originalEligibleCosts": 0,
            "originalFundingLevel": 100,
            "originalRemainingCosts": 0,
            "originalRemainingGrant": 0,
            "virementCostId": "a0RAd000000jGApMAM",
            "virementParticipantId": "a0RAd000000jGAJMA2",
          },
          {
            "costCategoryId": "a0626000007qoSvAAI",
            "costCategoryName": "",
            "costsClaimedToDate": 0,
            "newEligibleCosts": 5000,
            "newFundingLevel": 58.47953216374269,
            "newRemainingCosts": 5000,
            "newRemainingGrant": 2923.9766081871344,
            "originalEligibleCosts": 5000,
            "originalFundingLevel": 100,
            "originalRemainingCosts": 5000,
            "originalRemainingGrant": 5000,
            "virementCostId": "a0RAd000000jGAqMAM",
            "virementParticipantId": "a0RAd000000jGAJMA2",
          },
        ],
      },
      {
        "costDifference": 0,
        "costsClaimedToDate": 4400,
        "grantDifference": 132428.94,
        "isLead": false,
        "name": "ABS EUI Medium Enterprise",
        "newEligibleCosts": 850000,
        "newFundingLevel": 80.66094370860927,
        "newRemainingCosts": 845600,
        "newRemainingGrant": 682068.94,
        "originalEligibleCosts": 850000,
        "originalFundingLevel": 65,
        "originalRemainingCosts": 845600,
        "originalRemainingGrant": 549640,
        "partnerId": "a0D2600000zYOlDEAW",
        "virementParticipantId": "a0RAd000000jGAIMA2",
        "virements": [
          {
            "costCategoryId": "a0626000007qoQkAAI",
            "costCategoryName": "",
            "costsClaimedToDate": 0,
            "newEligibleCosts": 500000,
            "newFundingLevel": 80.66094370860927,
            "newRemainingCosts": 500000,
            "newRemainingGrant": 403304.7185430463,
            "originalEligibleCosts": 500000,
            "originalFundingLevel": 65,
            "originalRemainingCosts": 500000,
            "originalRemainingGrant": 325000,
            "virementCostId": "a0RAd000000jGAVMA2",
            "virementParticipantId": "a0RAd000000jGAIMA2",
          },
          {
            "costCategoryId": "a0626000007qoQlAAI",
            "costCategoryName": "",
            "costsClaimedToDate": 4000,
            "newEligibleCosts": 35000,
            "newFundingLevel": 80.66094370860927,
            "newRemainingCosts": 31000,
            "newRemainingGrant": 25004.89254966887,
            "originalEligibleCosts": 35000,
            "originalFundingLevel": 65,
            "originalRemainingCosts": 31000,
            "originalRemainingGrant": 20150,
            "virementCostId": "a0RAd000000jGAWMA2",
            "virementParticipantId": "a0RAd000000jGAIMA2",
          },
          {
            "costCategoryId": "a0626000007qoQmAAI",
            "costCategoryName": "",
            "costsClaimedToDate": 400,
            "newEligibleCosts": 35000,
            "newFundingLevel": 80.66094370860927,
            "newRemainingCosts": 34600,
            "newRemainingGrant": 27908.686523178807,
            "originalEligibleCosts": 35000,
            "originalFundingLevel": 65,
            "originalRemainingCosts": 34600,
            "originalRemainingGrant": 22490,
            "virementCostId": "a0RAd000000jGAXMA2",
            "virementParticipantId": "a0RAd000000jGAIMA2",
          },
          {
            "costCategoryId": "a0626000007qoQnAAI",
            "costCategoryName": "",
            "costsClaimedToDate": 0,
            "newEligibleCosts": 35000,
            "newFundingLevel": 80.66094370860927,
            "newRemainingCosts": 35000,
            "newRemainingGrant": 28231.330298013243,
            "originalEligibleCosts": 35000,
            "originalFundingLevel": 65,
            "originalRemainingCosts": 35000,
            "originalRemainingGrant": 22750,
            "virementCostId": "a0RAd000000jGAYMA2",
            "virementParticipantId": "a0RAd000000jGAIMA2",
          },
          {
            "costCategoryId": "a0626000007qoQoAAI",
            "costCategoryName": "",
            "costsClaimedToDate": 0,
            "newEligibleCosts": 35000,
            "newFundingLevel": 80.66094370860927,
            "newRemainingCosts": 35000,
            "newRemainingGrant": 28231.330298013243,
            "originalEligibleCosts": 35000,
            "originalFundingLevel": 65,
            "originalRemainingCosts": 35000,
            "originalRemainingGrant": 22750,
            "virementCostId": "a0RAd000000jGAZMA2",
            "virementParticipantId": "a0RAd000000jGAIMA2",
          },
          {
            "costCategoryId": "a0626000007qoSvAAI",
            "costCategoryName": "",
            "costsClaimedToDate": 0,
            "newEligibleCosts": 35000,
            "newFundingLevel": 80.66094370860927,
            "newRemainingCosts": 35000,
            "newRemainingGrant": 28231.330298013243,
            "originalEligibleCosts": 35000,
            "originalFundingLevel": 65,
            "originalRemainingCosts": 35000,
            "originalRemainingGrant": 22750,
            "virementCostId": "a0RAd000000jGAaMAM",
            "virementParticipantId": "a0RAd000000jGAIMA2",
          },
          {
            "costCategoryId": "a0626000007qoSwAAI",
            "costCategoryName": "",
            "costsClaimedToDate": 0,
            "newEligibleCosts": 35000,
            "newFundingLevel": 80.66094370860927,
            "newRemainingCosts": 35000,
            "newRemainingGrant": 28231.330298013243,
            "originalEligibleCosts": 35000,
            "originalFundingLevel": 65,
            "originalRemainingCosts": 35000,
            "originalRemainingGrant": 22750,
            "virementCostId": "a0RAd000000jGAbMAM",
            "virementParticipantId": "a0RAd000000jGAIMA2",
          },
          {
            "costCategoryId": "a0626000007qoSxAAI",
            "costCategoryName": "",
            "costsClaimedToDate": 0,
            "newEligibleCosts": 35000,
            "newFundingLevel": 80.66094370860927,
            "newRemainingCosts": 35000,
            "newRemainingGrant": 28231.330298013243,
            "originalEligibleCosts": 35000,
            "originalFundingLevel": 65,
            "originalRemainingCosts": 35000,
            "originalRemainingGrant": 22750,
            "virementCostId": "a0RAd000000jGAcMAM",
            "virementParticipantId": "a0RAd000000jGAIMA2",
          },
          {
            "costCategoryId": "a0626000007qoSyAAI",
            "costCategoryName": "",
            "costsClaimedToDate": 0,
            "newEligibleCosts": 35000,
            "newFundingLevel": 80.66094370860927,
            "newRemainingCosts": 35000,
            "newRemainingGrant": 28231.330298013243,
            "originalEligibleCosts": 35000,
            "originalFundingLevel": 65,
            "originalRemainingCosts": 35000,
            "originalRemainingGrant": 22750,
            "virementCostId": "a0RAd000000jGAdMAM",
            "virementParticipantId": "a0RAd000000jGAIMA2",
          },
          {
            "costCategoryId": "a0626000007qoSzAAI",
            "costCategoryName": "",
            "costsClaimedToDate": 0,
            "newEligibleCosts": 35000,
            "newFundingLevel": 80.66094370860927,
            "newRemainingCosts": 35000,
            "newRemainingGrant": 28231.330298013243,
            "originalEligibleCosts": 35000,
            "originalFundingLevel": 65,
            "originalRemainingCosts": 35000,
            "originalRemainingGrant": 22750,
            "virementCostId": "a0RAd000000jGAeMAM",
            "virementParticipantId": "a0RAd000000jGAIMA2",
          },
          {
            "costCategoryId": "a0626000007qoT0AAI",
            "costCategoryName": "",
            "costsClaimedToDate": 0,
            "newEligibleCosts": 35000,
            "newFundingLevel": 80.66094370860927,
            "newRemainingCosts": 35000,
            "newRemainingGrant": 28231.330298013243,
            "originalEligibleCosts": 35000,
            "originalFundingLevel": 65,
            "originalRemainingCosts": 35000,
            "originalRemainingGrant": 22750,
            "virementCostId": "a0RAd000000jGAfMAM",
            "virementParticipantId": "a0RAd000000jGAIMA2",
          },
        ],
      },
    ],
    "pcrItemId": "a0G-Acc_ProjectChangeRequest__c",
  },
  "virementMeta": {
    "grantDifference": -653956.06,
    "hasAvailableGrant": true,
    "hasMatchingGrant": false,
    "isValidGrantTotal": true,
    "originalRemainingGrant": 2291140,
  },
}
`;
